// Jest Snapshot v1, https://goo.gl/fbAQLP

exports[`PaletteForm should match the snapshot 1`] = `
<form
  className="palette-form"
>
  <select
    onChange={[Function]}
    value="1"
  >
    <option
      id={1}
      value={1}
    >
      Test
    </option>
  </select>
  <input
    onChange={[Function]}
    type="text"
  />
  <button
    className="submit-palette-button"
    onClick={[Function]}
    type="button"
  >
    Save Palette
  </button>
</form>
`;
