// Jest Snapshot v1, https://goo.gl/fbAQLP

exports[`App should match the snapshot 1`] = `
<main>
  <h1>
    Palette Picker
  </h1>
  <ColorContainer />
  <ProjectForm />
  <ProjectContainer />
</main>
`;
